Archive member included to satisfy reference by file (symbol)

D:/STMCUBEIDE/STM32CubeIDE_1.19.0/STM32CubeIDE/plugins/com.st.stm32cube.ide.mcu.externaltools.gnu-tools-for-stm32.13.3.rel1.win32_1.0.0.202411081344/tools/bin/../lib/gcc/arm-none-eabi/13.3.1/../../../../arm-none-eabi/lib/thumb/v7e-m+fp/hard\libc_nano.a(libc_a-exit.o)
                              D:/STMCUBEIDE/STM32CubeIDE_1.19.0/STM32CubeIDE/plugins/com.st.stm32cube.ide.mcu.externaltools.gnu-tools-for-stm32.13.3.rel1.win32_1.0.0.202411081344/tools/bin/../lib/gcc/arm-none-eabi/13.3.1/../../../../arm-none-eabi/lib/thumb/v7e-m+fp/hard/crt0.o (exit)
D:/STMCUBEIDE/STM32CubeIDE_1.19.0/STM32CubeIDE/plugins/com.st.stm32cube.ide.mcu.externaltools.gnu-tools-for-stm32.13.3.rel1.win32_1.0.0.202411081344/tools/bin/../lib/gcc/arm-none-eabi/13.3.1/../../../../arm-none-eabi/lib/thumb/v7e-m+fp/hard\libc_nano.a(libc_a-findfp.o)
                              D:/STMCUBEIDE/STM32CubeIDE_1.19.0/STM32CubeIDE/plugins/com.st.stm32cube.ide.mcu.externaltools.gnu-tools-for-stm32.13.3.rel1.win32_1.0.0.202411081344/tools/bin/../lib/gcc/arm-none-eabi/13.3.1/../../../../arm-none-eabi/lib/thumb/v7e-m+fp/hard\libc_nano.a(libc_a-exit.o) (__stdio_exit_handler)
D:/STMCUBEIDE/STM32CubeIDE_1.19.0/STM32CubeIDE/plugins/com.st.stm32cube.ide.mcu.externaltools.gnu-tools-for-stm32.13.3.rel1.win32_1.0.0.202411081344/tools/bin/../lib/gcc/arm-none-eabi/13.3.1/../../../../arm-none-eabi/lib/thumb/v7e-m+fp/hard\libc_nano.a(libc_a-fwalk.o)
                              D:/STMCUBEIDE/STM32CubeIDE_1.19.0/STM32CubeIDE/plugins/com.st.stm32cube.ide.mcu.externaltools.gnu-tools-for-stm32.13.3.rel1.win32_1.0.0.202411081344/tools/bin/../lib/gcc/arm-none-eabi/13.3.1/../../../../arm-none-eabi/lib/thumb/v7e-m+fp/hard\libc_nano.a(libc_a-findfp.o) (_fwalk_sglue)
D:/STMCUBEIDE/STM32CubeIDE_1.19.0/STM32CubeIDE/plugins/com.st.stm32cube.ide.mcu.externaltools.gnu-tools-for-stm32.13.3.rel1.win32_1.0.0.202411081344/tools/bin/../lib/gcc/arm-none-eabi/13.3.1/../../../../arm-none-eabi/lib/thumb/v7e-m+fp/hard\libc_nano.a(libc_a-stdio.o)
                              D:/STMCUBEIDE/STM32CubeIDE_1.19.0/STM32CubeIDE/plugins/com.st.stm32cube.ide.mcu.externaltools.gnu-tools-for-stm32.13.3.rel1.win32_1.0.0.202411081344/tools/bin/../lib/gcc/arm-none-eabi/13.3.1/../../../../arm-none-eabi/lib/thumb/v7e-m+fp/hard\libc_nano.a(libc_a-findfp.o) (__sread)
D:/STMCUBEIDE/STM32CubeIDE_1.19.0/STM32CubeIDE/plugins/com.st.stm32cube.ide.mcu.externaltools.gnu-tools-for-stm32.13.3.rel1.win32_1.0.0.202411081344/tools/bin/../lib/gcc/arm-none-eabi/13.3.1/../../../../arm-none-eabi/lib/thumb/v7e-m+fp/hard\libc_nano.a(libc_a-memset.o)
                              D:/STMCUBEIDE/STM32CubeIDE_1.19.0/STM32CubeIDE/plugins/com.st.stm32cube.ide.mcu.externaltools.gnu-tools-for-stm32.13.3.rel1.win32_1.0.0.202411081344/tools/bin/../lib/gcc/arm-none-eabi/13.3.1/../../../../arm-none-eabi/lib/thumb/v7e-m+fp/hard/crt0.o (memset)
D:/STMCUBEIDE/STM32CubeIDE_1.19.0/STM32CubeIDE/plugins/com.st.stm32cube.ide.mcu.externaltools.gnu-tools-for-stm32.13.3.rel1.win32_1.0.0.202411081344/tools/bin/../lib/gcc/arm-none-eabi/13.3.1/../../../../arm-none-eabi/lib/thumb/v7e-m+fp/hard\libc_nano.a(libc_a-closer.o)
                              D:/STMCUBEIDE/STM32CubeIDE_1.19.0/STM32CubeIDE/plugins/com.st.stm32cube.ide.mcu.externaltools.gnu-tools-for-stm32.13.3.rel1.win32_1.0.0.202411081344/tools/bin/../lib/gcc/arm-none-eabi/13.3.1/../../../../arm-none-eabi/lib/thumb/v7e-m+fp/hard\libc_nano.a(libc_a-stdio.o) (_close_r)
D:/STMCUBEIDE/STM32CubeIDE_1.19.0/STM32CubeIDE/plugins/com.st.stm32cube.ide.mcu.externaltools.gnu-tools-for-stm32.13.3.rel1.win32_1.0.0.202411081344/tools/bin/../lib/gcc/arm-none-eabi/13.3.1/../../../../arm-none-eabi/lib/thumb/v7e-m+fp/hard\libc_nano.a(libc_a-reent.o)
                              D:/STMCUBEIDE/STM32CubeIDE_1.19.0/STM32CubeIDE/plugins/com.st.stm32cube.ide.mcu.externaltools.gnu-tools-for-stm32.13.3.rel1.win32_1.0.0.202411081344/tools/bin/../lib/gcc/arm-none-eabi/13.3.1/../../../../arm-none-eabi/lib/thumb/v7e-m+fp/hard\libc_nano.a(libc_a-closer.o) (errno)
D:/STMCUBEIDE/STM32CubeIDE_1.19.0/STM32CubeIDE/plugins/com.st.stm32cube.ide.mcu.externaltools.gnu-tools-for-stm32.13.3.rel1.win32_1.0.0.202411081344/tools/bin/../lib/gcc/arm-none-eabi/13.3.1/../../../../arm-none-eabi/lib/thumb/v7e-m+fp/hard\libc_nano.a(libc_a-impure.o)
                              D:/STMCUBEIDE/STM32CubeIDE_1.19.0/STM32CubeIDE/plugins/com.st.stm32cube.ide.mcu.externaltools.gnu-tools-for-stm32.13.3.rel1.win32_1.0.0.202411081344/tools/bin/../lib/gcc/arm-none-eabi/13.3.1/../../../../arm-none-eabi/lib/thumb/v7e-m+fp/hard\libc_nano.a(libc_a-reent.o) (_impure_ptr)
D:/STMCUBEIDE/STM32CubeIDE_1.19.0/STM32CubeIDE/plugins/com.st.stm32cube.ide.mcu.externaltools.gnu-tools-for-stm32.13.3.rel1.win32_1.0.0.202411081344/tools/bin/../lib/gcc/arm-none-eabi/13.3.1/../../../../arm-none-eabi/lib/thumb/v7e-m+fp/hard\libc_nano.a(libc_a-lseekr.o)
[...]
Memory Configuration

Name             Origin             Length             Attributes
RAM              0x20000000         0x00018000         xrw
RAM2             0x10000000         0x00008000         xrw
FLASH            0x08000000         0x00100000         xr
*default*        0x00000000         0xffffffff

Linker script and memory map

LOAD D:/STMCUBEIDE/STM32CubeIDE_1.19.0/STM32CubeIDE/plugins/com.st.stm32cube.ide.mcu.externaltools.gnu-tools-for-stm32.13.3.rel1.win32_1.0.0.202411081344/tools/bin/../lib/gcc/arm-none-eabi/13.3.1/thumb/v7e-m+fp/hard/crti.o
LOAD D:/STMCUBEIDE/STM32CubeIDE_1.19.0/STM32CubeIDE/plugins/com.st.stm32cube.ide.mcu.externaltools.gnu-tools-for-stm32.13.3.rel1.win32_1.0.0.202411081344/tools/bin/../lib/gcc/arm-none-eabi/13.3.1/thumb/v7e-m+fp/hard/crtbegin.o
LOAD D:/STMCUBEIDE/STM32CubeIDE_1.19.0/STM32CubeIDE/plugins/com.st.stm32cube.ide.mcu.externaltools.gnu-tools-for-stm32.13.3.rel1.win32_1.0.0.202411081344/tools/bin/../lib/gcc/arm-none-eabi/13.3.1/../../../../arm-none-eabi/lib/thumb/v7e-m+fp/hard/crt0.o
LOAD ./Core/Src/circ_buffer.o
LOAD ./Core/Src/gpio.o
LOAD ./Core/Src/main.o
LOAD ./Core/Src/mbus.o
LOAD ./Core/Src/stm32l4xx_hal_msp.o
LOAD ./Core/Src/stm32l4xx_it.o
LOAD ./Core/Src/syscalls.o
LOAD ./Core/Src/sysmem.o
LOAD ./Core/Src/system_stm32l4xx.o
LOAD ./Core/Src/usart.o
LOAD ./Core/Startup/startup_stm32l476rgtx.o
LOAD ./Drivers/STM32L4xx_HAL_Driver/Src/stm32l4xx_hal.o
LOAD ./Drivers/STM32L4xx_HAL_Driver/Src/stm32l4xx_hal_cortex.o
LOAD ./Drivers/STM32L4xx_HAL_Driver/Src/stm32l4xx_hal_dma.o
LOAD ./Drivers/STM32L4xx_HAL_Driver/Src/stm32l4xx_hal_dma_ex.o
LOAD ./Drivers/STM32L4xx_HAL_Driver/Src/stm32l4xx_hal_exti.o
LOAD ./Drivers/STM32L4xx_HAL_Driver/Src/stm32l4xx_hal_flash.o
LOAD ./Drivers/STM32L4xx_HAL_Driver/Src/stm32l4xx_hal_flash_ex.o
LOAD ./Drivers/STM32L4xx_HAL_Driver/Src/stm32l4xx_hal_flash_ramfunc.o
LOAD ./Drivers/STM32L4xx_HAL_Driver/Src/stm32l4xx_hal_gpio.o
LOAD ./Drivers/STM32L4xx_HAL_Driver/Src/stm32l4xx_hal_i2c.o
LOAD ./Drivers/STM32L4xx_HAL_Driver/Src/stm32l4xx_hal_i2c_ex.o
LOAD ./Drivers/STM32L4xx_HAL_Driver/Src/stm32l4xx_hal_pwr.o
LOAD ./Drivers/STM32L4xx_HAL_Driver/Src/stm32l4xx_hal_pwr_ex.o
LOAD ./Drivers/STM32L4xx_HAL_Driver/Src/stm32l4xx_hal_rcc.o
LOAD ./Drivers/STM32L4xx_HAL_Driver/Src/stm32l4xx_hal_rcc_ex.o
LOAD ./Drivers/STM32L4xx_HAL_Driver/Src/stm32l4xx_hal_uart.o
LOAD ./Drivers/STM32L4xx_HAL_Driver/Src/stm32l4xx_hal_uart_ex.o
START GROUP
LOAD D:/STMCUBEIDE/STM32CubeIDE_1.19.0/STM32CubeIDE/plugins/com.st.stm32cube.ide.mcu.externaltools.gnu-tools-for-stm32.13.3.rel1.win32_1.0.0.202411081344/tools/bin/../lib/gcc/arm-none-eabi/13.3.1/../../../../arm-none-eabi/lib/thumb/v7e-m+fp/hard\libc_nano.a
LOAD D:/STMCUBEIDE/STM32CubeIDE_1.19.0/STM32CubeIDE/plugins/com.st.stm32cube.ide.mcu.externaltools.gnu-tools-for-stm32.13.3.rel1.win32_1.0.0.202411081344/tools/bin/../lib/gcc/arm-none-eabi/13.3.1/../../../../arm-none-eabi/lib/thumb/v7e-m+fp/hard\libm.a
END GROUP
START GROUP
LOAD D:/STMCUBEIDE/STM32CubeIDE_1.19.0/STM32CubeIDE/plugins/com.st.stm32cube.ide.mcu.externaltools.gnu-tools-for-stm32.13.3.rel1.win32_1.0.0.202411081344/tools/bin/../lib/gcc/arm-none-eabi/13.3.1/thumb/v7e-m+fp/hard\libgcc.a
LOAD D:/STMCUBEIDE/STM32CubeIDE_1.19.0/STM32CubeIDE/plugins/com.st.stm32cube.ide.mcu.externaltools.gnu-tools-for-stm32.13.3.rel1.win32_1.0.0.202411081344/tools/bin/../lib/gcc/arm-none-eabi/13.3.1/../../../../arm-none-eabi/lib/thumb/v7e-m+fp/hard\libc_nano.a
END GROUP
START GROUP
LOAD D:/STMCUBEIDE/STM32CubeIDE_1.19.0/STM32CubeIDE/plugins/com.st.stm32cube.ide.mcu.externaltools.gnu-tools-for-stm32.13.3.rel1.win32_1.0.0.202411081344/tools/bin/../lib/gcc/arm-none-eabi/13.3.1/thumb/v7e-m+fp/hard\libgcc.a
LOAD D:/STMCUBEIDE/STM32CubeIDE_1.19.0/STM32CubeIDE/plugins/com.st.stm32cube.ide.mcu.externaltools.gnu-tools-for-stm32.13.3.rel1.win32_1.0.0.202411081344/tools/bin/../lib/gcc/arm-none-eabi/13.3.1/../../../../arm-none-eabi/lib/thumb/v7e-m+fp/hard\libc_nano.a
LOAD D:/STMCUBEIDE/STM32CubeIDE_1.19.0/STM32CubeIDE/plugins/com.st.stm32cube.ide.mcu.externaltools.gnu-tools-for-stm32.13.3.rel1.win32_1.0.0.202411081344/tools/bin/../lib/gcc/arm-none-eabi/13.3.1/../../../../arm-none-eabi/lib/thumb/v7e-m+fp/hard\libnosys.a
END GROUP
START GROUP
LOAD D:/STMCUBEIDE/STM32CubeIDE_1.19.0/STM32CubeIDE/plugins/com.st.stm32cube.ide.mcu.externaltools.gnu-tools-for-stm32.13.3.rel1.win32_1.0.0.202411081344/tools/bin/../lib/gcc/arm-none-eabi/13.3.1/thumb/v7e-m+fp/hard\libgcc.a
LOAD D:/STMCUBEIDE/STM32CubeIDE_1.19.0/STM32CubeIDE/plugins/com.st.stm32cube.ide.mcu.externaltools.gnu-tools-for-stm32.13.3.rel1.win32_1.0.0.202411081344/tools/bin/../lib/gcc/arm-none-eabi/13.3.1/../../../../arm-none-eabi/lib/thumb/v7e-m+fp/hard\libc_nano.a
LOAD D:/STMCUBEIDE/STM32CubeIDE_1.19.0/STM32CubeIDE/plugins/com.st.stm32cube.ide.mcu.externaltools.gnu-tools-for-stm32.13.3.rel1.win32_1.0.0.202411081344/tools/bin/../lib/gcc/arm-none-eabi/13.3.1/../../../../arm-none-eabi/lib/thumb/v7e-m+fp/hard\libnosys.a
END GROUP
LOAD D:/STMCUBEIDE/STM32CubeIDE_1.19.0/STM32CubeIDE/plugins/com.st.stm32cube.ide.mcu.externaltools.gnu-tools-for-stm32.13.3.rel1.win32_1.0.0.202411081344/tools/bin/../lib/gcc/arm-none-eabi/13.3.1/thumb/v7e-m+fp/hard/crtend.o
LOAD D:/STMCUBEIDE/STM32CubeIDE_1.19.0/STM32CubeIDE/plugins/com.st.stm32cube.ide.mcu.externaltools.gnu-tools-for-stm32.13.3.rel1.win32_1.0.0.202411081344/tools/bin/../lib/gcc/arm-none-eabi/13.3.1/thumb/v7e-m+fp/hard/crtn.o
                0x20018000                        _estack = (ORIGIN (RAM) + LENGTH (RAM))
                0x00000200                        _Min_Heap_Size = 0x200
                0x00000400                        _Min_Stack_Size = 0x400

.isr_vector     0x08000000      0x188
                0x08000000                        . = ALIGN (0x4)
 *(.isr_vector)
 .isr_vector    0x08000000      0x188 ./Core/Startup/startup_stm32l476rgtx.o
                0x08000000                g_pfnVectors
                0x08000188                        . = ALIGN (0x4)

.text           0x08000188     0x4550
                0x08000188                        . = ALIGN (0x4)
 *(.text)
 .text          0x08000188       0x40 D:/STMCUBEIDE/STM32CubeIDE_1.19.0/STM32CubeIDE/plugins/com.st.stm32cube.ide.mcu.externaltools.gnu-tools-for-stm32.13.3.rel1.win32_1.0.0.202411081344/tools/bin/../lib/gcc/arm-none-eabi/13.3.1/thumb/v7e-m+fp/hard/crtbegin.o
 .text          0x080001c8       0x30 D:/STMCUBEIDE/STM32CubeIDE_1.19.0/STM32CubeIDE/plugins/com.st.stm32cube.ide.mcu.externaltools.gnu-tools-for-stm32.13.3.rel1.win32_1.0.0.202411081344/tools/bin/../lib/gcc/arm-none-eabi/13.3.1/thumb/v7e-m+fp/hard\libgcc.a(_aeabi_uldivmod.o)
                0x080001c8                __aeabi_uldivmod
 .text          0x080001f8      0x2f8 D:/STMCUBEIDE/STM32CubeIDE_1.19.0/STM32CubeIDE/plugins/com.st.stm32cube.ide.mcu.externaltools.gnu-tools-for-stm32.13.3.rel1.win32_1.0.0.202411081344/tools/bin/../lib/gcc/arm-none-eabi/13.3.1/thumb/v7e-m+fp/hard\libgcc.a(_udivmoddi4.o)
                0x080001f8                __udivmoddi4
 .text          0x080004f0        0x4 D:/STMCUBEIDE/STM32CubeIDE_1.19.0/STM32CubeIDE/plugins/com.st.stm32cube.ide.mcu.externaltools.gnu-tools-for-stm32.13.3.rel1.win32_1.0.0.202411081344/tools/bin/../lib/gcc/arm-none-eabi/13.3.1/thumb/v7e-m+fp/hard\libgcc.a(_dvmd_tls.o)
                0x080004f0                __aeabi_idiv0
                0x080004f0                __aeabi_ldiv0
 *(.text*)
 .text.cb_taken_space
                0x080004f4       0x4c ./Core/Src/circ_buffer.o
                0x080004f4                cb_taken_space
 .text.cb_free_space
                0x08000540       0x1e ./Core/Src/circ_buffer.o
 .text.cb_is_empty
                0x0800055e       0x3a ./Core/Src/circ_buffer.o
 .text.cb_buffer_init
                0x08000598       0x36 ./Core/Src/circ_buffer.o
                0x08000598                cb_buffer_init
 .text.cb_buffer_push
                0x080005ce       0xb0 ./Core/Src/circ_buffer.o
                0x080005ce                cb_buffer_push
 .text.cb_buffer_pull
                0x0800067e       0xb8 ./Core/Src/circ_buffer.o
                0x0800067e                cb_buffer_pull
 *fill*         0x08000736        0x2 
 .text.MX_GPIO_Init
                0x08000738       0xcc ./Core/Src/gpio.o
                0x08000738                MX_GPIO_Init
 .text.main     0x08000804       0x34 ./Core/Src/main.o
                0x08000804                main
 .text.SystemClock_Config
                0x08000838       0xa2 ./Core/Src/main.o
                0x08000838                SystemClock_Config
 .text.Error_Handler
                0x080008da        0xc ./Core/Src/main.o
                0x080008da                Error_Handler
 *fill*         0x080008e6        0x2 
 .text.mb_crc16
                0x080008e8       0x78 ./Core/Src/mbus.o
 .text.mb_led_hand
                0x08000960       0x50 ./Core/Src/mbus.o
 .text.mb_send_regs
                0x080009b0      0x140 ./Core/Src/mbus.o
 .text.mb_parse_frame
                0x08000af0       0xb4 ./Core/Src/mbus.o
 .text.mb_reg_init
                0x08000ba4       0x24 ./Core/Src/mbus.o
 .text.HAL_UART_RxCpltCallback
                0x08000bc8       0x58 ./Core/Src/mbus.o
                0x08000bc8                HAL_UART_RxCpltCallback
 .text.mb_init  0x08000c20       0x30 ./Core/Src/mbus.o
                0x08000c20                mb_init
 .text.mb_read  0x08000c50       0x90 ./Core/Src/mbus.o
                0x08000c50                mb_read
 .text.HAL_MspInit
                0x08000ce0       0x48 ./Core/Src/stm32l4xx_hal_msp.o
                0x08000ce0                HAL_MspInit
 .text.NMI_Handler
                0x08000d28        0x8 ./Core/Src/stm32l4xx_it.o
                0x08000d28                NMI_Handler
 .text.HardFault_Handler
                0x08000d30        0x8 ./Core/Src/stm32l4xx_it.o
                0x08000d30                HardFault_Handler
 .text.MemManage_Handler
                0x08000d38        0x8 ./Core/Src/stm32l4xx_it.o
                0x08000d38                MemManage_Handler
 .text.BusFault_Handler
                0x08000d40        0x8 ./Core/Src/stm32l4xx_it.o
                0x08000d40                BusFault_Handler
 .text.UsageFault_Handler
                0x08000d48        0x8 ./Core/Src/stm32l4xx_it.o
                0x08000d48                UsageFault_Handler
 .text.SVC_Handler
                0x08000d50        0xe ./Core/Src/stm32l4xx_it.o
                0x08000d50                SVC_Handler
 .text.DebugMon_Handler
                0x08000d5e        0xe ./Core/Src/stm32l4xx_it.o
                0x08000d5e                DebugMon_Handler
 .text.PendSV_Handler
                0x08000d6c        0xe ./Core/Src/stm32l4xx_it.o
                0x08000d6c                PendSV_Handler
 .text.SysTick_Handler
                0x08000d7a        0xc ./Core/Src/stm32l4xx_it.o
                0x08000d7a                SysTick_Handler
 *fill*         0x08000d86        0x2 
 .text.USART1_IRQHandler
                0x08000d88       0x14 ./Core/Src/stm32l4xx_it.o
                0x08000d88                USART1_IRQHandler
 .text.USART2_IRQHandler
                0x08000d9c       0x14 ./Core/Src/stm32l4xx_it.o
                0x08000d9c                USART2_IRQHandler
 .text.SystemInit
                0x08000db0       0x24 ./Core/Src/system_stm32l4xx.o
                0x08000db0                SystemInit
 .text.MX_USART1_UART_Init
                0x08000dd4       0x64 ./Core/Src/usart.o
                0x08000dd4                MX_USART1_UART_Init
 .text.MX_USART2_UART_Init
                0x08000e38       0x64 ./Core/Src/usart.o
                0x08000e38                MX_USART2_UART_Init
 .text.HAL_UART_MspInit
                0x08000e9c      0x164 ./Core/Src/usart.o
                0x08000e9c                HAL_UART_MspInit
 .text.Reset_Handler
                0x08001000       0x50 ./Core/Startup/startup_stm32l476rgtx.o
                0x08001000                Reset_Handler
 .text.Default_Handler
                0x08001050        0x2 ./Core/Startup/startup_stm32l476rgtx.o
                0x08001050                RTC_Alarm_IRQHandler
                0x08001050                EXTI2_IRQHandler
                0x08001050                TIM8_TRG_COM_IRQHandler
                0x08001050                TIM8_CC_IRQHandler
                0x08001050                TIM1_CC_IRQHandler
                0x08001050                TSC_IRQHandler
                0x08001050                TAMP_STAMP_IRQHandler
                0x08001050                EXTI3_IRQHandler
                0x08001050                LPTIM2_IRQHandler
                0x08001050                DFSDM1_FLT1_IRQHandler
                0x08001050                I2C3_ER_IRQHandler
                0x08001050                DFSDM1_FLT2_IRQHandler
                0x08001050                EXTI0_IRQHandler
                0x08001050                I2C2_EV_IRQHandler
                0x08001050                CAN1_RX0_IRQHandler
                0x08001050                FPU_IRQHandler
                0x08001050                TIM1_UP_TIM16_IRQHandler
                0x08001050                ADC1_2_IRQHandler
                0x08001050                SPI1_IRQHandler
                0x08001050                TIM6_DAC_IRQHandler
                0x08001050                TIM8_UP_IRQHandler
                0x08001050                DMA2_Channel2_IRQHandler
                0x08001050                DMA1_Channel4_IRQHandler
                0x08001050                SAI2_IRQHandler
                0x08001050                DFSDM1_FLT3_IRQHandler
                0x08001050                USART3_IRQHandler
                0x08001050                DMA1_Channel7_IRQHandler
                0x08001050                CAN1_RX1_IRQHandler
                0x08001050                LCD_IRQHandler
                0x08001050                UART5_IRQHandler
                0x08001050                ADC3_IRQHandler
                0x08001050                TIM4_IRQHandler
                0x08001050                DMA2_Channel1_IRQHandler
                0x08001050                QUADSPI_IRQHandler
                0x08001050                I2C1_EV_IRQHandler
                0x08001050                DMA1_Channel6_IRQHandler
                0x08001050                UART4_IRQHandler
                0x08001050                DMA2_Channel4_IRQHandler
                0x08001050                TIM3_IRQHandler
                0x08001050                RCC_IRQHandler
                0x08001050                DMA1_Channel1_IRQHandler
                0x08001050                Default_Handler
                0x08001050                DMA2_Channel7_IRQHandler
                0x08001050                EXTI15_10_IRQHandler
                0x08001050                TIM7_IRQHandler
                0x08001050                SDMMC1_IRQHandler
                0x08001050                TIM5_IRQHandler
                0x08001050                I2C3_EV_IRQHandler
                0x08001050                EXTI9_5_IRQHandler
                0x08001050                RTC_WKUP_IRQHandler
                0x08001050                PVD_PVM_IRQHandler
                0x08001050                SPI2_IRQHandler
                0x08001050                CAN1_TX_IRQHandler
                0x08001050                DMA2_Channel5_IRQHandler
                0x08001050                DMA1_Channel5_IRQHandler
                0x08001050                EXTI4_IRQHandler
                0x08001050                RNG_IRQHandler
                0x08001050                TIM1_TRG_COM_TIM17_IRQHandler
                0x08001050                DMA1_Channel3_IRQHandler
                0x08001050                COMP_IRQHandler
                0x08001050                WWDG_IRQHandler
                0x08001050                LPUART1_IRQHandler
                0x08001050                DMA2_Channel6_IRQHandler
                0x08001050                TIM2_IRQHandler
                0x08001050                EXTI1_IRQHandler
                0x08001050                DFSDM1_FLT0_IRQHandler
                0x08001050                I2C2_ER_IRQHandler
                0x08001050                DMA1_Channel2_IRQHandler
                0x08001050                TIM8_BRK_IRQHandler
                0x08001050                CAN1_SCE_IRQHandler
                0x08001050                FLASH_IRQHandler
                0x08001050                OTG_FS_IRQHandler
                0x08001050                SPI3_IRQHandler
                0x08001050                I2C1_ER_IRQHandler
                0x08001050                FMC_IRQHandler
                0x08001050                SWPMI1_IRQHandler
                0x08001050                LPTIM1_IRQHandler
                0x08001050                SAI1_IRQHandler
                0x08001050                DMA2_Channel3_IRQHandler
                0x08001050                TIM1_BRK_TIM15_IRQHandler
 *fill*         0x08001052        0x2 
 .text.HAL_Init
                0x08001054       0x40 ./Drivers/STM32L4xx_HAL_Driver/Src/stm32l4xx_hal.o
                0x08001054                HAL_Init
 .text.HAL_InitTick
                0x08001094       0x78 ./Drivers/STM32L4xx_HAL_Driver/Src/stm32l4xx_hal.o
                0x08001094                HAL_InitTick
 .text.HAL_IncTick
                0x0800110c       0x28 ./Drivers/STM32L4xx_HAL_Driver/Src/stm32l4xx_hal.o
                0x0800110c                HAL_IncTick
 .text.HAL_GetTick
                0x08001134       0x18 ./Drivers/STM32L4xx_HAL_Driver/Src/stm32l4xx_hal.o
                0x08001134                HAL_GetTick
 .text.HAL_Delay
                0x0800114c       0x48 ./Drivers/STM32L4xx_HAL_Driver/Src/stm32l4xx_hal.o
                0x0800114c                HAL_Delay
 .text.__NVIC_SetPriorityGrouping
                0x08001194       0x48 ./Drivers/STM32L4xx_HAL_Driver/Src/stm32l4xx_hal_cortex.o
 .text.__NVIC_GetPriorityGrouping
                0x080011dc       0x1c ./Drivers/STM32L4xx_HAL_Driver/Src/stm32l4xx_hal_cortex.o
 .text.__NVIC_EnableIRQ
                0x080011f8       0x3c ./Drivers/STM32L4xx_HAL_Driver/Src/stm32l4xx_hal_cortex.o
 .text.__NVIC_SetPriority
                0x08001234       0x54 ./Drivers/STM32L4xx_HAL_Driver/Src/stm32l4xx_hal_cortex.o
 .text.NVIC_EncodePriority
                0x08001288       0x66 ./Drivers/STM32L4xx_HAL_Driver/Src/stm32l4xx_hal_cortex.o
 *fill*         0x080012ee        0x2 
 .text.SysTick_Config
                0x080012f0       0x44 ./Drivers/STM32L4xx_HAL_Driver/Src/stm32l4xx_hal_cortex.o
 .text.HAL_NVIC_SetPriorityGrouping
                0x08001334       0x16 ./Drivers/STM32L4xx_HAL_Driver/Src/stm32l4xx_hal_cortex.o
                0x08001334                HAL_NVIC_SetPriorityGrouping
 .text.HAL_NVIC_SetPriority
                0x0800134a       0x38 ./Drivers/STM32L4xx_HAL_Driver/Src/stm32l4xx_hal_cortex.o
                0x0800134a                HAL_NVIC_SetPriority
 .text.HAL_NVIC_EnableIRQ
                0x08001382       0x1c ./Drivers/STM32L4xx_HAL_Driver/Src/stm32l4xx_hal_cortex.o
                0x08001382                HAL_NVIC_EnableIRQ
 .text.HAL_SYSTICK_Config
                0x0800139e       0x18 ./Drivers/STM32L4xx_HAL_Driver/Src/stm32l4xx_hal_cortex.o
                0x0800139e                HAL_SYSTICK_Config
 .text.HAL_DMA_Abort
                0x080013b6       0x7c ./Drivers/STM32L4xx_HAL_Driver/Src/stm32l4xx_hal_dma.o
                0x080013b6                HAL_DMA_Abort
 .text.HAL_DMA_Abort_IT
                0x08001432       0x82 ./Drivers/STM32L4xx_HAL_Driver/Src/stm32l4xx_hal_dma.o
                0x08001432                HAL_DMA_Abort_IT
 .text.HAL_GPIO_Init
                0x080014b4      0x354 ./Drivers/STM32L4xx_HAL_Driver/Src/stm32l4xx_hal_gpio.o
                0x080014b4                HAL_GPIO_Init
 .text.HAL_GPIO_WritePin
                0x08001808       0x30 ./Drivers/STM32L4xx_HAL_Driver/Src/stm32l4xx_hal_gpio.o
                0x08001808                HAL_GPIO_WritePin
 .text.HAL_PWREx_GetVoltageRange
                0x08001838       0x1c ./Drivers/STM32L4xx_HAL_Driver/Src/stm32l4xx_hal_pwr_ex.o
                0x08001838                HAL_PWREx_GetVoltageRange
 .text.HAL_PWREx_ControlVoltageScaling
                0x08001854       0xac ./Drivers/STM32L4xx_HAL_Driver/Src/stm32l4xx_hal_pwr_ex.o
                0x08001854                HAL_PWREx_ControlVoltageScaling
 .text.HAL_RCC_OscConfig
                0x08001900      0x7b8 ./Drivers/STM32L4xx_HAL_Driver/Src/stm32l4xx_hal_rcc.o
                0x08001900                HAL_RCC_OscConfig
 .text.HAL_RCC_ClockConfig
                0x080020b8      0x200 ./Drivers/STM32L4xx_HAL_Driver/Src/stm32l4xx_hal_rcc.o
                0x080020b8                HAL_RCC_ClockConfig
 .text.HAL_RCC_GetSysClockFreq
                0x080022b8      0x118 ./Drivers/STM32L4xx_HAL_Driver/Src/stm32l4xx_hal_rcc.o
                0x080022b8                HAL_RCC_GetSysClockFreq
 .text.HAL_RCC_GetHCLKFreq
                0x080023d0       0x18 ./Drivers/STM32L4xx_HAL_Driver/Src/stm32l4xx_hal_rcc.o
                0x080023d0                HAL_RCC_GetHCLKFreq
 .text.HAL_RCC_GetPCLK1Freq
                0x080023e8       0x2c ./Drivers/STM32L4xx_HAL_Driver/Src/stm32l4xx_hal_rcc.o
                0x080023e8                HAL_RCC_GetPCLK1Freq
 .text.HAL_RCC_GetPCLK2Freq
                0x08002414       0x2c ./Drivers/STM32L4xx_HAL_Driver/Src/stm32l4xx_hal_rcc.o
                0x08002414                HAL_RCC_GetPCLK2Freq
 .text.RCC_SetFlashLatencyFromMSIRange
                0x08002440       0xc0 ./Drivers/STM32L4xx_HAL_Driver/Src/stm32l4xx_hal_rcc.o
 .text.HAL_RCCEx_PeriphCLKConfig
                0x08002500      0x5d4 ./Drivers/STM32L4xx_HAL_Driver/Src/stm32l4xx_hal_rcc_ex.o
                0x08002500                HAL_RCCEx_PeriphCLKConfig
 .text.RCCEx_PLLSAI1_Config
                0x08002ad4      0x1e8 ./Drivers/STM32L4xx_HAL_Driver/Src/stm32l4xx_hal_rcc_ex.o
 .text.RCCEx_PLLSAI2_Config
                0x08002cbc      0x1bc ./Drivers/STM32L4xx_HAL_Driver/Src/stm32l4xx_hal_rcc_ex.o
 .text.HAL_UART_Init
                0x08002e78       0x9c ./Drivers/STM32L4xx_HAL_Driver/Src/stm32l4xx_hal_uart.o
                0x08002e78                HAL_UART_Init
 .text.HAL_UART_Transmit
                0x08002f14      0x112 ./Drivers/STM32L4xx_HAL_Driver/Src/stm32l4xx_hal_uart.o
                0x08002f14                HAL_UART_Transmit
 *fill*         0x08003026        0x2 
 .text.HAL_UART_Receive_IT
                0x08003028       0x98 ./Drivers/STM32L4xx_HAL_Driver/Src/stm32l4xx_hal_uart.o
                0x08003028                HAL_UART_Receive_IT
 .text.HAL_UART_IRQHandler
                0x080030c0      0x60c ./Drivers/STM32L4xx_HAL_Driver/Src/stm32l4xx_hal_uart.o
                0x080030c0                HAL_UART_IRQHandler
 .text.HAL_UART_TxCpltCallback
                0x080036cc       0x14 ./Drivers/STM32L4xx_HAL_Driver/Src/stm32l4xx_hal_uart.o
                0x080036cc                HAL_UART_TxCpltCallback
 .text.HAL_UART_ErrorCallback
                0x080036e0       0x14 ./Drivers/STM32L4xx_HAL_Driver/Src/stm32l4xx_hal_uart.o
                0x080036e0                HAL_UART_ErrorCallback
 .text.HAL_UARTEx_RxEventCallback
                0x080036f4       0x18 ./Drivers/STM32L4xx_HAL_Driver/Src/stm32l4xx_hal_uart.o
                0x080036f4                HAL_UARTEx_RxEventCallback
 .text.UART_SetConfig
                0x0800370c      0x570 ./Drivers/STM32L4xx_HAL_Driver/Src/stm32l4xx_hal_uart.o
                0x0800370c                UART_SetConfig
 .text.UART_AdvFeatureConfig
                0x08003c7c      0x144 ./Drivers/STM32L4xx_HAL_Driver/Src/stm32l4xx_hal_uart.o
                0x08003c7c                UART_AdvFeatureConfig
 .text.UART_CheckIdleState
                0x08003dc0      0x150 ./Drivers/STM32L4xx_HAL_Driver/Src/stm32l4xx_hal_uart.o
                0x08003dc0                UART_CheckIdleState
 .text.UART_WaitOnFlagUntilTimeout
                0x08003f10       0xda ./Drivers/STM32L4xx_HAL_Driver/Src/stm32l4xx_hal_uart.o
                0x08003f10                UART_WaitOnFlagUntilTimeout
 *fill*         0x08003fea        0x2 
 .text.UART_Start_Receive_IT
                0x08003fec      0x18c ./Drivers/STM32L4xx_HAL_Driver/Src/stm32l4xx_hal_uart.o
                0x08003fec                UART_Start_Receive_IT
 .text.UART_EndRxTransfer
                0x08004178       0xc8 ./Drivers/STM32L4xx_HAL_Driver/Src/stm32l4xx_hal_uart.o
 .text.UART_DMAAbortOnError
                0x08004240       0x2c ./Drivers/STM32L4xx_HAL_Driver/Src/stm32l4xx_hal_uart.o
 .text.UART_EndTransmit_IT
                0x0800426c       0x54 ./Drivers/STM32L4xx_HAL_Driver/Src/stm32l4xx_hal_uart.o
 .text.UART_RxISR_8BIT
                0x080042c0      0x1bc ./Drivers/STM32L4xx_HAL_Driver/Src/stm32l4xx_hal_uart.o
 .text.UART_RxISR_16BIT
                0x0800447c      0x1bc ./Drivers/STM32L4xx_HAL_Driver/Src/stm32l4xx_hal_uart.o
 .text.HAL_UARTEx_WakeupCallback
                0x08004638       0x14 ./Drivers/STM32L4xx_HAL_Driver/Src/stm32l4xx_hal_uart_ex.o
                0x08004638                HAL_UARTEx_WakeupCallback
 .text.memset   0x0800464c       0x10 D:/STMCUBEIDE/STM32CubeIDE_1.19.0/STM32CubeIDE/plugins/com.st.stm32cube.ide.mcu.externaltools.gnu-tools-for-stm32.13.3.rel1.win32_1.0.0.202411081344/tools/bin/../lib/gcc/arm-none-eabi/13.3.1/../../../../arm-none-eabi/lib/thumb/v7e-m+fp/hard\libc_nano.a(libc_a-memset.o)
                0x0800464c                memset
 .text.__libc_init_array
                0x0800465c       0x48 D:/STMCUBEIDE/STM32CubeIDE_1.19.0/STM32CubeIDE/plugins/com.st.stm32cube.ide.mcu.externaltools.gnu-tools-for-stm32.13.3.rel1.win32_1.0.0.202411081344/tools/bin/../lib/gcc/arm-none-eabi/13.3.1/../../../../arm-none-eabi/lib/thumb/v7e-m+fp/hard\libc_nano.a(libc_a-init.o)
                0x0800465c                __libc_init_array
 .text.memcpy   0x080046a4       0x1c D:/STMCUBEIDE/STM32CubeIDE_1.19.0/STM32CubeIDE/plugins/com.st.stm32cube.ide.mcu.externaltools.gnu-tools-for-stm32.13.3.rel1.win32_1.0.0.202411081344/tools/bin/../lib/gcc/arm-none-eabi/13.3.1/../../../../arm-none-eabi/lib/thumb/v7e-m+fp/hard\libc_nano.a(libc_a-memcpy-stub.o)
                0x080046a4                memcpy
 *(.glue_7)
 .glue_7        0x080046c0        0x0 linker stubs
 *(.glue_7t)
 .glue_7t       0x080046c0        0x0 linker stubs
 *(.eh_frame)
 .eh_frame      0x080046c0        0x0 D:/STMCUBEIDE/STM32CubeIDE_1.19.0/STM32CubeIDE/plugins/com.st.stm32cube.ide.mcu.externaltools.gnu-tools-for-stm32.13.3.rel1.win32_1.0.0.202411081344/tools/bin/../lib/gcc/arm-none-eabi/13.3.1/thumb/v7e-m+fp/hard/crtbegin.o
 *(.init)
 .init          0x080046c0        0x4 D:/STMCUBEIDE/STM32CubeIDE_1.19.0/STM32CubeIDE/plugins/com.st.stm32cube.ide.mcu.externaltools.gnu-tools-for-stm32.13.3.rel1.win32_1.0.0.202411081344/tools/bin/../lib/gcc/arm-none-eabi/13.3.1/thumb/v7e-m+fp/hard/crti.o
                0x080046c0                _init
 .init          0x080046c4        0x8 D:/STMCUBEIDE/STM32CubeIDE_1.19.0/STM32CubeIDE/plugins/com.st.stm32cube.ide.mcu.externaltools.gnu-tools-for-stm32.13.3.rel1.win32_1.0.0.202411081344/tools/bin/../lib/gcc/arm-none-eabi/13.3.1/thumb/v7e-m+fp/hard/crtn.o
 *(.fini)
 .fini          0x080046cc        0x4 D:/STMCUBEIDE/STM32CubeIDE_1.19.0/STM32CubeIDE/plugins/com.st.stm32cube.ide.mcu.externaltools.gnu-tools-for-stm32.13.3.rel1.win32_1.0.0.202411081344/tools/bin/../lib/gcc/arm-none-eabi/13.3.1/thumb/v7e-m+fp/hard/crti.o
                0x080046cc                _fini
 .fini          0x080046d0        0x8 D:/STMCUBEIDE/STM32CubeIDE_1.19.0/STM32CubeIDE/plugins/com.st.stm32cube.ide.mcu.externaltools.gnu-tools-for-stm32.13.3.rel1.win32_1.0.0.202411081344/tools/bin/../lib/gcc/arm-none-eabi/13.3.1/thumb/v7e-m+fp/hard/crtn.o
                0x080046d8                        . = ALIGN (0x4)
                0x080046d8                        _etext = .

.vfp11_veneer   0x080046d8        0x0
 .vfp11_veneer  0x080046d8        0x0 linker stubs

.v4_bx          0x080046d8        0x0
 .v4_bx         0x080046d8        0x0 linker stubs

.iplt           0x080046d8        0x0
 .iplt          0x080046d8        0x0 D:/STMCUBEIDE/STM32CubeIDE_1.19.0/STM32CubeIDE/plugins/com.st.stm32cube.ide.mcu.externaltools.gnu-tools-for-stm32.13.3.rel1.win32_1.0.0.202411081344/tools/bin/../lib/gcc/arm-none-eabi/13.3.1/thumb/v7e-m+fp/hard/crtbegin.o

.rodata         0x080046d8       0x48
                0x080046d8                        . = ALIGN (0x4)
 *(.rodata)
 *(.rodata*)
 .rodata.AHBPrescTable
                0x080046d8       0x10 ./Core/Src/system_stm32l4xx.o
                0x080046d8                AHBPrescTable
 .rodata.APBPrescTable
                0x080046e8        0x8 ./Core/Src/system_stm32l4xx.o
                0x080046e8                APBPrescTable
 .rodata.MSIRangeTable
                0x080046f0       0x30 ./Core/Src/system_stm32l4xx.o
                0x080046f0                MSIRangeTable
                0x08004720                        . = ALIGN (0x4)

.ARM.extab      0x08004720        0x0
                0x08004720                        . = ALIGN (0x4)
 *(.ARM.extab* .gnu.linkonce.armextab.*)
                0x08004720                        . = ALIGN (0x4)

.ARM            0x08004720        0x8
                0x08004720                        . = ALIGN (0x4)
                0x08004720                        __exidx_start = .
 *(.ARM.exidx*)
 .ARM.exidx     0x08004720        0x8 D:/STMCUBEIDE/STM32CubeIDE_1.19.0/STM32CubeIDE/plugins/com.st.stm32cube.ide.mcu.externaltools.gnu-tools-for-stm32.13.3.rel1.win32_1.0.0.202411081344/tools/bin/../lib/gcc/arm-none-eabi/13.3.1/thumb/v7e-m+fp/hard\libgcc.a(_udivmoddi4.o)
                0x08004728                        __exidx_end = .
                0x08004728                        . = ALIGN (0x4)

.preinit_array  0x08004728        0x0
                0x08004728                        . = ALIGN (0x4)
                0x08004728                        PROVIDE (__preinit_array_start = .)
 *(.preinit_array*)
                0x08004728                        PROVIDE (__preinit_array_end = .)
                0x08004728                        . = ALIGN (0x4)

.init_array     0x08004728        0x4
                0x08004728                        . = ALIGN (0x4)
                0x08004728                        PROVIDE (__init_array_start = .)
 *(SORT_BY_NAME(.init_array.*))
 *(.init_array*)
 .init_array    0x08004728        0x4 D:/STMCUBEIDE/STM32CubeIDE_1.19.0/STM32CubeIDE/plugins/com.st.stm32cube.ide.mcu.externaltools.gnu-tools-for-stm32.13.3.rel1.win32_1.0.0.202411081344/tools/bin/../lib/gcc/arm-none-eabi/13.3.1/thumb/v7e-m+fp/hard/crtbegin.o
                0x0800472c                        PROVIDE (__init_array_end = .)
                0x0800472c                        . = ALIGN (0x4)

.fini_array     0x0800472c        0x4
                0x0800472c                        . = ALIGN (0x4)
                [!provide]                        PROVIDE (__fini_array_start = .)
 *(SORT_BY_NAME(.fini_array.*))
 *(.fini_array*)
 .fini_array    0x0800472c        0x4 D:/STMCUBEIDE/STM32CubeIDE_1.19.0/STM32CubeIDE/plugins/com.st.stm32cube.ide.mcu.externaltools.gnu-tools-for-stm32.13.3.rel1.win32_1.0.0.202411081344/tools/bin/../lib/gcc/arm-none-eabi/13.3.1/thumb/v7e-m+fp/hard/crtbegin.o
                [!provide]                        PROVIDE (__fini_array_end = .)
                0x08004730                        . = ALIGN (0x4)
                0x08004730                        _sidata = LOADADDR (.data)

.rel.dyn        0x08004730        0x0
 .rel.iplt      0x08004730        0x0 D:/STMCUBEIDE/STM32CubeIDE_1.19.0/STM32CubeIDE/plugins/com.st.stm32cube.ide.mcu.externaltools.gnu-tools-for-stm32.13.3.rel1.win32_1.0.0.202411081344/tools/bin/../lib/gcc/arm-none-eabi/13.3.1/thumb/v7e-m+fp/hard/crtbegin.o

.data           0x20000000        0xc load address 0x08004730
                0x20000000                        . = ALIGN (0x4)
                0x20000000                        _sdata = .
 *(.data)
 *(.data*)
 .data.SystemCoreClock
                0x20000000        0x4 ./Core/Src/system_stm32l4xx.o
                0x20000000                SystemCoreClock
 .data.uwTickPrio
                0x20000004        0x4 ./Drivers/STM32L4xx_HAL_Driver/Src/stm32l4xx_hal.o
                0x20000004                uwTickPrio
 .data.uwTickFreq
                0x20000008        0x1 ./Drivers/STM32L4xx_HAL_Driver/Src/stm32l4xx_hal.o
                0x20000008                uwTickFreq
 *(.RamFunc)
 *(.RamFunc*)
                0x2000000c                        . = ALIGN (0x4)
 *fill*         0x20000009        0x3 
                0x2000000c                        _edata = .

.igot.plt       0x2000000c        0x0 load address 0x0800473c
 .igot.plt      0x2000000c        0x0 D:/STMCUBEIDE/STM32CubeIDE_1.19.0/STM32CubeIDE/plugins/com.st.stm32cube.ide.mcu.externaltools.gnu-tools-for-stm32.13.3.rel1.win32_1.0.0.202411081344/tools/bin/../lib/gcc/arm-none-eabi/13.3.1/thumb/v7e-m+fp/hard/crtbegin.o
                0x2000000c                        . = ALIGN (0x4)

.bss            0x2000000c      0x1cc load address 0x0800473c
                0x2000000c                        _sbss = .
                0x2000000c                        __bss_start__ = _sbss
 *(.bss)
 .bss           0x2000000c       0x1c D:/STMCUBEIDE/STM32CubeIDE_1.19.0/STM32CubeIDE/plugins/com.st.stm32cube.ide.mcu.externaltools.gnu-tools-for-stm32.13.3.rel1.win32_1.0.0.202411081344/tools/bin/../lib/gcc/arm-none-eabi/13.3.1/thumb/v7e-m+fp/hard/crtbegin.o
 *(.bss*)
 .bss.holdingRegisters
                0x20000028        0x4 ./Core/Src/mbus.o
                0x20000028                holdingRegisters
 .bss.cb        0x2000002c       0x10 ./Core/Src/mbus.o
                0x2000002c                cb
 .bss.buffer    0x2000003c       0x80 ./Core/Src/mbus.o
                0x2000003c                buffer
 .bss.uart_byte
                0x200000bc        0x1 ./Core/Src/mbus.o
                0x200000bc                uart_byte
 *fill*         0x200000bd        0x3 
 .bss.lastSysTick.0
                0x200000c0        0x4 ./Core/Src/mbus.o
 .bss.huart1    0x200000c4       0x88 ./Core/Src/usart.o
                0x200000c4                huart1
 .bss.huart2    0x2000014c       0x88 ./Core/Src/usart.o
                0x2000014c                huart2
 .bss.uwTick    0x200001d4        0x4 ./Drivers/STM32L4xx_HAL_Driver/Src/stm32l4xx_hal.o
                0x200001d4                uwTick
 *(COMMON)
                0x200001d8                        . = ALIGN (0x4)
                0x200001d8                        _ebss = .
                0x200001d8                        __bss_end__ = _ebss

._user_heap_stack
                0x200001d8      0x600 load address 0x0800473c
                0x200001d8                        . = ALIGN (0x8)
                [!provide]                        PROVIDE (end = .)
                0x200001d8                        PROVIDE (_end = .)
                0x200003d8                        . = (. + _Min_Heap_Size)
 *fill*         0x200001d8      0x200 
                0x200007d8                        . = (. + _Min_Stack_Size)
 *fill*         0x200003d8      0x400 
                0x200007d8                        . = ALIGN (0x8)

/DISCARD/
 libc.a(*)
 libm.a(*)
 libgcc.a(*)

.ARM.attributes
                0x00000000       0x30
 *(.ARM.attributes)
 .ARM.attributes
                0x00000000       0x22 D:/STMCUBEIDE/STM32CubeIDE_1.19.0/STM32CubeIDE/plugins/com.st.stm32cube.ide.mcu.externaltools.gnu-tools-for-stm32.13.3.rel1.win32_1.0.0.202411081344/tools/bin/../lib/gcc/arm-none-eabi/13.3.1/thumb/v7e-m+fp/hard/crti.o
 .ARM.attributes
                0x00000022       0x34 D:/STMCUBEIDE/STM32CubeIDE_1.19.0/STM32CubeIDE/plugins/com.st.stm32cube.ide.mcu.externaltools.gnu-tools-for-stm32.13.3.rel1.win32_1.0.0.202411081344/tools/bin/../lib/gcc/arm-none-eabi/13.3.1/thumb/v7e-m+fp/hard/crtbegin.o
 .ARM.attributes
                0x00000056       0x34 ./Core/Src/circ_buffer.o
 .ARM.attributes
                0x0000008a       0x34 ./Core/Src/gpio.o
 .ARM.attributes
                0x000000be       0x34 ./Core/Src/main.o
 .ARM.attributes
                0x000000f2       0x34 ./Core/Src/mbus.o
 .ARM.attributes
                0x00000126       0x34 ./Core/Src/stm32l4xx_hal_msp.o
 .ARM.attributes
                0x0000015a       0x34 ./Core/Src/stm32l4xx_it.o
 .ARM.attributes
                0x0000018e       0x34 ./Core/Src/system_stm32l4xx.o
 .ARM.attributes
                0x000001c2       0x34 ./Core/Src/usart.o
 .ARM.attributes
                0x000001f6       0x21 ./Core/Startup/startup_stm32l476rgtx.o
 .ARM.attributes
                0x00000217       0x34 ./Drivers/STM32L4xx_HAL_Driver/Src/stm32l4xx_hal.o
 .ARM.attributes
                0x0000024b       0x34 ./Drivers/STM32L4xx_HAL_Driver/Src/stm32l4xx_hal_cortex.o
 .ARM.attributes
                0x0000027f       0x34 ./Drivers/STM32L4xx_HAL_Driver/Src/stm32l4xx_hal_dma.o
 .ARM.attributes
                0x000002b3       0x34 ./Drivers/STM32L4xx_HAL_Driver/Src/stm32l4xx_hal_gpio.o
 .ARM.attributes
                0x000002e7       0x34 ./Drivers/STM32L4xx_HAL_Driver/Src/stm32l4xx_hal_pwr_ex.o
 .ARM.attributes
                0x0000031b       0x34 ./Drivers/STM32L4xx_HAL_Driver/Src/stm32l4xx_hal_rcc.o
 .ARM.attributes
                0x0000034f       0x34 ./Drivers/STM32L4xx_HAL_Driver/Src/stm32l4xx_hal_rcc_ex.o
 .ARM.attributes
                0x00000383       0x34 ./Drivers/STM32L4xx_HAL_Driver/Src/stm32l4xx_hal_uart.o
 .ARM.attributes
                0x000003b7       0x34 ./Drivers/STM32L4xx_HAL_Driver/Src/stm32l4xx_hal_uart_ex.o
 .ARM.attributes
                0x000003eb       0x34 D:/STMCUBEIDE/STM32CubeIDE_1.19.0/STM32CubeIDE/plugins/com.st.stm32cube.ide.mcu.externaltools.gnu-tools-for-stm32.13.3.rel1.win32_1.0.0.202411081344/tools/bin/../lib/gcc/arm-none-eabi/13.3.1/../../../../arm-none-eabi/lib/thumb/v7e-m+fp/hard\libc_nano.a(libc_a-memset.o)
 .ARM.attributes
                0x0000041f       0x34 D:/STMCUBEIDE/STM32CubeIDE_1.19.0/STM32CubeIDE/plugins/com.st.stm32cube.ide.mcu.externaltools.gnu-tools-for-stm32.13.3.rel1.win32_1.0.0.202411081344/tools/bin/../lib/gcc/arm-none-eabi/13.3.1/../../../../arm-none-eabi/lib/thumb/v7e-m+fp/hard\libc_nano.a(libc_a-init.o)
 .ARM.attributes
                0x00000453       0x34 D:/STMCUBEIDE/STM32CubeIDE_1.19.0/STM32CubeIDE/plugins/com.st.stm32cube.ide.mcu.externaltools.gnu-tools-for-stm32.13.3.rel1.win32_1.0.0.202411081344/tools/bin/../lib/gcc/arm-none-eabi/13.3.1/../../../../arm-none-eabi/lib/thumb/v7e-m+fp/hard\libc_nano.a(libc_a-memcpy-stub.o)
 .ARM.attributes
                0x00000487       0x22 D:/STMCUBEIDE/STM32CubeIDE_1.19.0/STM32CubeIDE/plugins/com.st.stm32cube.ide.mcu.externaltools.gnu-tools-for-stm32.13.3.rel1.win32_1.0.0.202411081344/tools/bin/../lib/gcc/arm-none-eabi/13.3.1/thumb/v7e-m+fp/hard\libgcc.a(_aeabi_uldivmod.o)
 .ARM.attributes
                0x000004a9       0x34 D:/STMCUBEIDE/STM32CubeIDE_1.19.0/STM32CubeIDE/plugins/com.st.stm32cube.ide.mcu.externaltools.gnu-tools-for-stm32.13.3.rel1.win32_1.0.0.202411081344/tools/bin/../lib/gcc/arm-none-eabi/13.3.1/thumb/v7e-m+fp/hard\libgcc.a(_udivmoddi4.o)
 .ARM.attributes
                0x000004dd       0x22 D:/STMCUBEIDE/STM32CubeIDE_1.19.0/STM32CubeIDE/plugins/com.st.stm32cube.ide.mcu.externaltools.gnu-tools-for-stm32.13.3.rel1.win32_1.0.0.202411081344/tools/bin/../lib/gcc/arm-none-eabi/13.3.1/thumb/v7e-m+fp/hard\libgcc.a(_dvmd_tls.o)
 .ARM.attributes
                0x000004ff       0x22 D:/STMCUBEIDE/STM32CubeIDE_1.19.0/STM32CubeIDE/plugins/com.st.stm32cube.ide.mcu.externaltools.gnu-tools-for-stm32.13.3.rel1.win32_1.0.0.202411081344/tools/bin/../lib/gcc/arm-none-eabi/13.3.1/thumb/v7e-m+fp/hard/crtn.o
OUTPUT(STM32_prog.elf elf32-littlearm)
LOAD linker stubs
LOAD D:/STMCUBEIDE/STM32CubeIDE_1.19.0/STM32CubeIDE/plugins/com.st.stm32cube.ide.mcu.externaltools.gnu-tools-for-stm32.13.3.rel1.win32_1.0.0.202411081344/tools/bin/../lib/gcc/arm-none-eabi/13.3.1/../../../../arm-none-eabi/lib/thumb/v7e-m+fp/hard\libc.a
LOAD D:/STMCUBEIDE/STM32CubeIDE_1.19.0/STM32CubeIDE/plugins/com.st.stm32cube.ide.mcu.externaltools.gnu-tools-for-stm32.13.3.rel1.win32_1.0.0.202411081344/tools/bin/../lib/gcc/arm-none-eabi/13.3.1/../../../../arm-none-eabi/lib/thumb/v7e-m+fp/hard\libm.a
LOAD D:/STMCUBEIDE/STM32CubeIDE_1.19.0/STM32CubeIDE/plugins/com.st.stm32cube.ide.mcu.externaltools.gnu-tools-for-stm32.13.3.rel1.win32_1.0.0.202411081344/tools/bin/../lib/gcc/arm-none-eabi/13.3.1/thumb/v7e-m+fp/hard\libgcc.a

.debug_info     0x00000000     0xcb61
 .debug_info    0x00000000      0x2bc ./Core/Src/circ_buffer.o
 .debug_info    0x000002bc      0x473 ./Core/Src/gpio.o
 .debug_info    0x0000072f      0x35f ./Core/Src/main.o
 .debug_info    0x00000a8e      0xc00 ./Core/Src/mbus.o
 .debug_info    0x0000168e      0x2b9 ./Core/Src/stm32l4xx_hal_msp.o
 .debug_info    0x00001947      0x745 ./Core/Src/stm32l4xx_it.o
 .debug_info    0x0000208c      0x5b1 ./Core/Src/system_stm32l4xx.o
 .debug_info    0x0000263d      0xff4 ./Core/Src/usart.o
 .debug_info    0x00003631       0x30 ./Core/Startup/startup_stm32l476rgtx.o
 .debug_info    0x00003661      0xc09 ./Drivers/STM32L4xx_HAL_Driver/Src/stm32l4xx_hal.o
 .debug_info    0x0000426a      0xd81 ./Drivers/STM32L4xx_HAL_Driver/Src/stm32l4xx_hal_cortex.o
 .debug_info    0x00004feb      0x6f4 ./Drivers/STM32L4xx_HAL_Driver/Src/stm32l4xx_hal_dma.o
 .debug_info    0x000056df      0x757 ./Drivers/STM32L4xx_HAL_Driver/Src/stm32l4xx_hal_gpio.o
 .debug_info    0x00005e36      0x99e ./Drivers/STM32L4xx_HAL_Driver/Src/stm32l4xx_hal_pwr_ex.o
 .debug_info    0x000067d4      0xc14 ./Drivers/STM32L4xx_HAL_Driver/Src/stm32l4xx_hal_rcc.o
 .debug_info    0x000073e8      0xe11 ./Drivers/STM32L4xx_HAL_Driver/Src/stm32l4xx_hal_rcc_ex.o
 .debug_info    0x000081f9     0x3b69 ./Drivers/STM32L4xx_HAL_Driver/Src/stm32l4xx_hal_uart.o
 .debug_info    0x0000bd62      0xdff ./Drivers/STM32L4xx_HAL_Driver/Src/stm32l4xx_hal_uart_ex.o

.debug_abbrev   0x00000000     0x2294
 .debug_abbrev  0x00000000      0x153 ./Core/Src/circ_buffer.o
 .debug_abbrev  0x00000153      0x152 ./Core/Src/gpio.o
 .debug_abbrev  0x000002a5      0x1a5 ./Core/Src/main.o
 .debug_abbrev  0x0000044a      0x2cb ./Core/Src/mbus.o
 .debug_abbrev  0x00000715       0xc6 ./Core/Src/stm32l4xx_hal_msp.o
 .debug_abbrev  0x000007db      0x174 ./Core/Src/stm32l4xx_it.o
 .debug_abbrev  0x0000094f      0x11a ./Core/Src/system_stm32l4xx.o
 .debug_abbrev  0x00000a69      0x201 ./Core/Src/usart.o
 .debug_abbrev  0x00000c6a       0x24 ./Core/Startup/startup_stm32l476rgtx.o
 .debug_abbrev  0x00000c8e      0x243 ./Drivers/STM32L4xx_HAL_Driver/Src/stm32l4xx_hal.o
 .debug_abbrev  0x00000ed1      0x31c ./Drivers/STM32L4xx_HAL_Driver/Src/stm32l4xx_hal_cortex.o
 .debug_abbrev  0x000011ed      0x1e4 ./Drivers/STM32L4xx_HAL_Driver/Src/stm32l4xx_hal_dma.o
 .debug_abbrev  0x000013d1      0x1cb ./Drivers/STM32L4xx_HAL_Driver/Src/stm32l4xx_hal_gpio.o
 .debug_abbrev  0x0000159c      0x1f9 ./Drivers/STM32L4xx_HAL_Driver/Src/stm32l4xx_hal_pwr_ex.o
 .debug_abbrev  0x00001795      0x2cb ./Drivers/STM32L4xx_HAL_Driver/Src/stm32l4xx_hal_rcc.o
 .debug_abbrev  0x00001a60      0x2a6 ./Drivers/STM32L4xx_HAL_Driver/Src/stm32l4xx_hal_rcc_ex.o
 .debug_abbrev  0x00001d06      0x2d0 ./Drivers/STM32L4xx_HAL_Driver/Src/stm32l4xx_hal_uart.o
 .debug_abbrev  0x00001fd6      0x2be ./Drivers/STM32L4xx_HAL_Driver/Src/stm32l4xx_hal_uart_ex.o

.debug_aranges  0x00000000      0xa98
 .debug_aranges
                0x00000000       0x50 ./Core/Src/circ_buffer.o
 .debug_aranges
                0x00000050       0x20 ./Core/Src/gpio.o
 .debug_aranges
                0x00000070       0x30 ./Core/Src/main.o
 .debug_aranges
                0x000000a0       0x58 ./Core/Src/mbus.o
 .debug_aranges
                0x000000f8       0x20 ./Core/Src/stm32l4xx_hal_msp.o
 .debug_aranges
                0x00000118       0x70 ./Core/Src/stm32l4xx_it.o
 .debug_aranges
                0x00000188       0x28 ./Core/Src/system_stm32l4xx.o
 .debug_aranges
                0x000001b0       0x38 ./Core/Src/usart.o
 .debug_aranges
                0x000001e8       0x28 ./Core/Startup/startup_stm32l476rgtx.o
 .debug_aranges
                0x00000210      0x130 ./Drivers/STM32L4xx_HAL_Driver/Src/stm32l4xx_hal.o
 .debug_aranges
                0x00000340      0x128 ./Drivers/STM32L4xx_HAL_Driver/Src/stm32l4xx_hal_cortex.o
 .debug_aranges
                0x00000468       0x80 ./Drivers/STM32L4xx_HAL_Driver/Src/stm32l4xx_hal_dma.o
 .debug_aranges
                0x000004e8       0x58 ./Drivers/STM32L4xx_HAL_Driver/Src/stm32l4xx_hal_gpio.o
 .debug_aranges
                0x00000540      0x160 ./Drivers/STM32L4xx_HAL_Driver/Src/stm32l4xx_hal_pwr_ex.o
 .debug_aranges
                0x000006a0       0x90 ./Drivers/STM32L4xx_HAL_Driver/Src/stm32l4xx_hal_rcc.o
 .debug_aranges
                0x00000730       0xc0 ./Drivers/STM32L4xx_HAL_Driver/Src/stm32l4xx_hal_rcc_ex.o
 .debug_aranges
                0x000007f0      0x228 ./Drivers/STM32L4xx_HAL_Driver/Src/stm32l4xx_hal_uart.o
 .debug_aranges
                0x00000a18       0x80 ./Drivers/STM32L4xx_HAL_Driver/Src/stm32l4xx_hal_uart_ex.o

.debug_rnglists
                0x00000000      0x80a
 .debug_rnglists
                0x00000000       0x39 ./Core/Src/circ_buffer.o
 .debug_rnglists
                0x00000039       0x14 ./Core/Src/gpio.o
 .debug_rnglists
                0x0000004d       0x20 ./Core/Src/main.o
 .debug_rnglists
                0x0000006d       0x40 ./Core/Src/mbus.o
 .debug_rnglists
                0x000000ad       0x13 ./Core/Src/stm32l4xx_hal_msp.o
 .debug_rnglists
                0x000000c0       0x4f ./Core/Src/stm32l4xx_it.o
 .debug_rnglists
                0x0000010f       0x1a ./Core/Src/system_stm32l4xx.o
 .debug_rnglists
                0x00000129       0x26 ./Core/Src/usart.o
 .debug_rnglists
                0x0000014f       0x19 ./Core/Startup/startup_stm32l476rgtx.o
 .debug_rnglists
                0x00000168       0xdf ./Drivers/STM32L4xx_HAL_Driver/Src/stm32l4xx_hal.o
 .debug_rnglists
                0x00000247       0xda ./Drivers/STM32L4xx_HAL_Driver/Src/stm32l4xx_hal_cortex.o
 .debug_rnglists
                0x00000321       0x64 ./Drivers/STM32L4xx_HAL_Driver/Src/stm32l4xx_hal_dma.o
 .debug_rnglists
                0x00000385       0x3f ./Drivers/STM32L4xx_HAL_Driver/Src/stm32l4xx_hal_gpio.o
 .debug_rnglists
                0x000003c4      0x109 ./Drivers/STM32L4xx_HAL_Driver/Src/stm32l4xx_hal_pwr_ex.o
 .debug_rnglists
                0x000004cd       0x6d ./Drivers/STM32L4xx_HAL_Driver/Src/stm32l4xx_hal_rcc.o
 .debug_rnglists
                0x0000053a       0x95 ./Drivers/STM32L4xx_HAL_Driver/Src/stm32l4xx_hal_rcc_ex.o
 .debug_rnglists
                0x000005cf      0x1db ./Drivers/STM32L4xx_HAL_Driver/Src/stm32l4xx_hal_uart.o
 .debug_rnglists
                0x000007aa       0x60 ./Drivers/STM32L4xx_HAL_Driver/Src/stm32l4xx_hal_uart_ex.o

.debug_macro    0x00000000    0x25fed
 .debug_macro   0x00000000      0x14d ./Core/Src/circ_buffer.o
 .debug_macro   0x0000014d      0xad8 ./Core/Src/circ_buffer.o
 .debug_macro   0x00000c25       0x22 ./Core/Src/circ_buffer.o
 .debug_macro   0x00000c47      0x190 ./Core/Src/circ_buffer.o
 .debug_macro   0x00000dd7       0x22 ./Core/Src/circ_buffer.o
 .debug_macro   0x00000df9       0x8e ./Core/Src/circ_buffer.o
 .debug_macro   0x00000e87       0x51 ./Core/Src/circ_buffer.o
 .debug_macro   0x00000ed8      0x103 ./Core/Src/circ_buffer.o
 .debug_macro   0x00000fdb       0x6a ./Core/Src/circ_buffer.o
 .debug_macro   0x00001045      0x1df ./Core/Src/circ_buffer.o
 .debug_macro   0x00001224       0x61 ./Core/Src/circ_buffer.o
 .debug_macro   0x00001285       0x2a ./Core/Src/circ_buffer.o
 .debug_macro   0x000012af       0x43 ./Core/Src/circ_buffer.o
 .debug_macro   0x000012f2       0x34 ./Core/Src/circ_buffer.o
 .debug_macro   0x00001326      0x370 ./Core/Src/circ_buffer.o
 .debug_macro   0x00001696       0x16 ./Core/Src/circ_buffer.o
 .debug_macro   0x000016ac       0x4a ./Core/Src/circ_buffer.o
 .debug_macro   0x000016f6       0x34 ./Core/Src/circ_buffer.o
 .debug_macro   0x0000172a       0x10 ./Core/Src/circ_buffer.o
 .debug_macro   0x0000173a       0x58 ./Core/Src/circ_buffer.o
 .debug_macro   0x00001792       0x8e ./Core/Src/circ_buffer.o
 .debug_macro   0x00001820       0x1c ./Core/Src/circ_buffer.o
 .debug_macro   0x0000183c      0x185 ./Core/Src/circ_buffer.o
 .debug_macro   0x000019c1       0x10 ./Core/Src/circ_buffer.o
 .debug_macro   0x000019d1       0x3c ./Core/Src/circ_buffer.o
 .debug_macro   0x00001a0d       0x20 ./Core/Src/circ_buffer.o
 .debug_macro   0x00001a2d      0x1c5 ./Core/Src/gpio.o
 .debug_macro   0x00001bf2      0x1a1 ./Core/Src/gpio.o
 .debug_macro   0x00001d93       0x2e ./Core/Src/gpio.o
 .debug_macro   0x00001dc1       0x28 ./Core/Src/gpio.o
 .debug_macro   0x00001de9       0x1c ./Core/Src/gpio.o
 .debug_macro   0x00001e05       0x22 ./Core/Src/gpio.o
 .debug_macro   0x00001e27       0xfb ./Core/Src/gpio.o
 .debug_macro   0x00001f22     0x1011 ./Core/Src/gpio.o
 .debug_macro   0x00002f33      0x11f ./Core/Src/gpio.o
 .debug_macro   0x00003052    0x1a17a ./Core/Src/gpio.o
 .debug_macro   0x0001d1cc       0x6d ./Core/Src/gpio.o
 .debug_macro   0x0001d239     0x38fb ./Core/Src/gpio.o
 .debug_macro   0x00020b34       0x5c ./Core/Src/gpio.o
 .debug_macro   0x00020b90     0x159e ./Core/Src/gpio.o
 .debug_macro   0x0002212e      0x5a5 ./Core/Src/gpio.o
 .debug_macro   0x000226d3      0x1b9 ./Core/Src/gpio.o
 .debug_macro   0x0002288c      0x18b ./Core/Src/gpio.o
 .debug_macro   0x00022a17      0x26b ./Core/Src/gpio.o
 .debug_macro   0x00022c82      0x23d ./Core/Src/gpio.o
 .debug_macro   0x00022ebf      0x241 ./Core/Src/gpio.o
 .debug_macro   0x00023100      0x37c ./Core/Src/gpio.o
 .debug_macro   0x0002347c       0xd6 ./Core/Src/gpio.o
 .debug_macro   0x00023552      0x122 ./Core/Src/gpio.o
 .debug_macro   0x00023674      0x3ef ./Core/Src/gpio.o
 .debug_macro   0x00023a63      0x5cf ./Core/Src/gpio.o
 .debug_macro   0x00024032       0x44 ./Core/Src/gpio.o
 .debug_macro   0x00024076      0x330 ./Core/Src/gpio.o
 .debug_macro   0x000243a6       0x58 ./Core/Src/gpio.o
 .debug_macro   0x000243fe      0x1f7 ./Core/Src/main.o
 .debug_macro   0x000245f5       0x16 ./Core/Src/main.o
 .debug_macro   0x0002460b      0x2c9 ./Core/Src/mbus.o
 .debug_macro   0x000248d4      0x1bb ./Core/Src/stm32l4xx_hal_msp.o
 .debug_macro   0x00024a8f      0x1c5 ./Core/Src/stm32l4xx_it.o
 .debug_macro   0x00024c54      0x1ac ./Core/Src/system_stm32l4xx.o
 .debug_macro   0x00024e00      0x1c5 ./Core/Src/usart.o
 .debug_macro   0x00024fc5      0x1fa ./Drivers/STM32L4xx_HAL_Driver/Src/stm32l4xx_hal.o
 .debug_macro   0x000251bf      0x1ac ./Drivers/STM32L4xx_HAL_Driver/Src/stm32l4xx_hal_cortex.o
 .debug_macro   0x0002536b      0x1ac ./Drivers/STM32L4xx_HAL_Driver/Src/stm32l4xx_hal_dma.o
 .debug_macro   0x00025517      0x1b3 ./Drivers/STM32L4xx_HAL_Driver/Src/stm32l4xx_hal_gpio.o
 .debug_macro   0x000256ca      0x1d0 ./Drivers/STM32L4xx_HAL_Driver/Src/stm32l4xx_hal_pwr_ex.o
 .debug_macro   0x0002589a      0x1ee ./Drivers/STM32L4xx_HAL_Driver/Src/stm32l4xx_hal_rcc.o
 .debug_macro   0x00025a88      0x1e2 ./Drivers/STM32L4xx_HAL_Driver/Src/stm32l4xx_hal_rcc_ex.o
 .debug_macro   0x00025c6a      0x1d7 ./Drivers/STM32L4xx_HAL_Driver/Src/stm32l4xx_hal_uart.o
 .debug_macro   0x00025e41      0x1ac ./Drivers/STM32L4xx_HAL_Driver/Src/stm32l4xx_hal_uart_ex.o

.debug_line     0x00000000     0xdd59
 .debug_line    0x00000000      0x85f ./Core/Src/circ_buffer.o
 .debug_line    0x0000085f      0x720 ./Core/Src/gpio.o
 .debug_line    0x00000f7f      0x7d0 ./Core/Src/main.o
 .debug_line    0x0000174f      0xb9d ./Core/Src/mbus.o
 .debug_line    0x000022ec      0x706 ./Core/Src/stm32l4xx_hal_msp.o
 .debug_line    0x000029f2      0x7e5 ./Core/Src/stm32l4xx_it.o
 .debug_line    0x000031d7      0x7a4 ./Core/Src/system_stm32l4xx.o
 .debug_line    0x0000397b      0x81b ./Core/Src/usart.o
 .debug_line    0x00004196       0x7a ./Core/Startup/startup_stm32l476rgtx.o
 .debug_line    0x00004210      0xb0d ./Drivers/STM32L4xx_HAL_Driver/Src/stm32l4xx_hal.o
 .debug_line    0x00004d1d      0xca7 ./Drivers/STM32L4xx_HAL_Driver/Src/stm32l4xx_hal_cortex.o
 .debug_line    0x000059c4      0xce6 ./Drivers/STM32L4xx_HAL_Driver/Src/stm32l4xx_hal_dma.o
 .debug_line    0x000066aa      0xb60 ./Drivers/STM32L4xx_HAL_Driver/Src/stm32l4xx_hal_gpio.o
 .debug_line    0x0000720a      0xcee ./Drivers/STM32L4xx_HAL_Driver/Src/stm32l4xx_hal_pwr_ex.o
 .debug_line    0x00007ef8     0x1061 ./Drivers/STM32L4xx_HAL_Driver/Src/stm32l4xx_hal_rcc.o
 .debug_line    0x00008f59     0x152e ./Drivers/STM32L4xx_HAL_Driver/Src/stm32l4xx_hal_rcc_ex.o
 .debug_line    0x0000a487     0x2d2f ./Drivers/STM32L4xx_HAL_Driver/Src/stm32l4xx_hal_uart.o
 .debug_line    0x0000d1b6      0xba3 ./Drivers/STM32L4xx_HAL_Driver/Src/stm32l4xx_hal_uart_ex.o

.debug_str      0x00000000    0xe75a6
 .debug_str     0x00000000    0xe75a6 ./Core/Src/circ_buffer.o
                               0x743d (size before relaxing)
 .debug_str     0x000e75a6    0xe0fb9 ./Core/Src/gpio.o
 .debug_str     0x000e75a6    0xe10af ./Core/Src/main.o
 .debug_str     0x000e75a6    0xe4753 ./Core/Src/mbus.o
 .debug_str     0x000e75a6    0xe0ee9 ./Core/Src/stm32l4xx_hal_msp.o
 .debug_str     0x000e75a6    0xe12d2 ./Core/Src/stm32l4xx_it.o
 .debug_str     0x000e75a6    0xe0e7a ./Core/Src/system_stm32l4xx.o
 .debug_str     0x000e75a6    0xe1c25 ./Core/Src/usart.o
 .debug_str     0x000e75a6       0x79 ./Core/Startup/startup_stm32l476rgtx.o
 .debug_str     0x000e75a6    0xe1a79 ./Drivers/STM32L4xx_HAL_Driver/Src/stm32l4xx_hal.o
 .debug_str     0x000e75a6    0xe16f3 ./Drivers/STM32L4xx_HAL_Driver/Src/stm32l4xx_hal_cortex.o
 .debug_str     0x000e75a6    0xe10e4 ./Drivers/STM32L4xx_HAL_Driver/Src/stm32l4xx_hal_dma.o
 .debug_str     0x000e75a6    0xe0ff3 ./Drivers/STM32L4xx_HAL_Driver/Src/stm32l4xx_hal_gpio.o
 .debug_str     0x000e75a6    0xe13d5 ./Drivers/STM32L4xx_HAL_Driver/Src/stm32l4xx_hal_pwr_ex.o
 .debug_str     0x000e75a6    0xe14c0 ./Drivers/STM32L4xx_HAL_Driver/Src/stm32l4xx_hal_rcc.o
 .debug_str     0x000e75a6    0xe1639 ./Drivers/STM32L4xx_HAL_Driver/Src/stm32l4xx_hal_rcc_ex.o
 .debug_str     0x000e75a6    0xe1bd2 ./Drivers/STM32L4xx_HAL_Driver/Src/stm32l4xx_hal_uart.o
 .debug_str     0x000e75a6    0xe13fe ./Drivers/STM32L4xx_HAL_Driver/Src/stm32l4xx_hal_uart_ex.o

.comment        0x00000000       0x43
 .comment       0x00000000       0x43 ./Core/Src/circ_buffer.o
                                 0x44 (size before relaxing)
 .comment       0x00000043       0x44 ./Core/Src/gpio.o
 .comment       0x00000043       0x44 ./Core/Src/main.o
 .comment       0x00000043       0x44 ./Core/Src/mbus.o
 .comment       0x00000043       0x44 ./Core/Src/stm32l4xx_hal_msp.o
 .comment       0x00000043       0x44 ./Core/Src/stm32l4xx_it.o
 .comment       0x00000043       0x44 ./Core/Src/system_stm32l4xx.o
 .comment       0x00000043       0x44 ./Core/Src/usart.o
 .comment       0x00000043       0x44 ./Drivers/STM32L4xx_HAL_Driver/Src/stm32l4xx_hal.o
 .comment       0x00000043       0x44 ./Drivers/STM32L4xx_HAL_Driver/Src/stm32l4xx_hal_cortex.o
 .comment       0x00000043       0x44 ./Drivers/STM32L4xx_HAL_Driver/Src/stm32l4xx_hal_dma.o
 .comment       0x00000043       0x44 ./Drivers/STM32L4xx_HAL_Driver/Src/stm32l4xx_hal_gpio.o
 .comment       0x00000043       0x44 ./Drivers/STM32L4xx_HAL_Driver/Src/stm32l4xx_hal_pwr_ex.o
 .comment       0x00000043       0x44 ./Drivers/STM32L4xx_HAL_Driver/Src/stm32l4xx_hal_rcc.o
 .comment       0x00000043       0x44 ./Drivers/STM32L4xx_HAL_Driver/Src/stm32l4xx_hal_rcc_ex.o
 .comment       0x00000043       0x44 ./Drivers/STM32L4xx_HAL_Driver/Src/stm32l4xx_hal_uart.o
 .comment       0x00000043       0x44 ./Drivers/STM32L4xx_HAL_Driver/Src/stm32l4xx_hal_uart_ex.o

.debug_frame    0x00000000     0x298c
 .debug_frame   0x00000000      0x120 ./Core/Src/circ_buffer.o
 .debug_frame   0x00000120       0x34 ./Core/Src/gpio.o
 .debug_frame   0x00000154       0x6c ./Core/Src/main.o
 .debug_frame   0x000001c0      0x134 ./Core/Src/mbus.o
 .debug_frame   0x000002f4       0x38 ./Core/Src/stm32l4xx_hal_msp.o
 .debug_frame   0x0000032c      0x13c ./Core/Src/stm32l4xx_it.o
 .debug_frame   0x00000468       0x58 ./Core/Src/system_stm32l4xx.o
 .debug_frame   0x000004c0       0x94 ./Core/Src/usart.o
 .debug_frame   0x00000554      0x498 ./Drivers/STM32L4xx_HAL_Driver/Src/stm32l4xx_hal.o
 .debug_frame   0x000009ec      0x4e8 ./Drivers/STM32L4xx_HAL_Driver/Src/stm32l4xx_hal_cortex.o
 .debug_frame   0x00000ed4      0x204 ./Drivers/STM32L4xx_HAL_Driver/Src/stm32l4xx_hal_dma.o
 .debug_frame   0x000010d8      0x14c ./Drivers/STM32L4xx_HAL_Driver/Src/stm32l4xx_hal_gpio.o
 .debug_frame   0x00001224      0x584 ./Drivers/STM32L4xx_HAL_Driver/Src/stm32l4xx_hal_pwr_ex.o
 .debug_frame   0x000017a8      0x21c ./Drivers/STM32L4xx_HAL_Driver/Src/stm32l4xx_hal_rcc.o
 .debug_frame   0x000019c4      0x2fc ./Drivers/STM32L4xx_HAL_Driver/Src/stm32l4xx_hal_rcc_ex.o
 .debug_frame   0x00001cc0      0x9f4 ./Drivers/STM32L4xx_HAL_Driver/Src/stm32l4xx_hal_uart.o
 .debug_frame   0x000026b4      0x204 ./Drivers/STM32L4xx_HAL_Driver/Src/stm32l4xx_hal_uart_ex.o
 .debug_frame   0x000028b8       0x20 D:/STMCUBEIDE/STM32CubeIDE_1.19.0/STM32CubeIDE/plugins/com.st.stm32cube.ide.mcu.externaltools.gnu-tools-for-stm32.13.3.rel1.win32_1.0.0.202411081344/tools/bin/../lib/gcc/arm-none-eabi/13.3.1/../../../../arm-none-eabi/lib/thumb/v7e-m+fp/hard\libc_nano.a(libc_a-memset.o)
 .debug_frame   0x000028d8       0x2c D:/STMCUBEIDE/STM32CubeIDE_1.19.0/STM32CubeIDE/plugins/com.st.stm32cube.ide.mcu.externaltools.gnu-tools-for-stm32.13.3.rel1.win32_1.0.0.202411081344/tools/bin/../lib/gcc/arm-none-eabi/13.3.1/../../../../arm-none-eabi/lib/thumb/v7e-m+fp/hard\libc_nano.a(libc_a-init.o)
 .debug_frame   0x00002904       0x28 D:/STMCUBEIDE/STM32CubeIDE_1.19.0/STM32CubeIDE/plugins/com.st.stm32cube.ide.mcu.externaltools.gnu-tools-for-stm32.13.3.rel1.win32_1.0.0.202411081344/tools/bin/../lib/gcc/arm-none-eabi/13.3.1/../../../../arm-none-eabi/lib/thumb/v7e-m+fp/hard\libc_nano.a(libc_a-memcpy-stub.o)
 .debug_frame   0x0000292c       0x2c D:/STMCUBEIDE/STM32CubeIDE_1.19.0/STM32CubeIDE/plugins/com.st.stm32cube.ide.mcu.externaltools.gnu-tools-for-stm32.13.3.rel1.win32_1.0.0.202411081344/tools/bin/../lib/gcc/arm-none-eabi/13.3.1/thumb/v7e-m+fp/hard\libgcc.a(_aeabi_uldivmod.o)
 .debug_frame   0x00002958       0x34 D:/STMCUBEIDE/STM32CubeIDE_1.19.0/STM32CubeIDE/plugins/com.st.stm32cube.ide.mcu.externaltools.gnu-tools-for-stm32.13.3.rel1.win32_1.0.0.202411081344/tools/bin/../lib/gcc/arm-none-eabi/13.3.1/thumb/v7e-m+fp/hard\libgcc.a(_udivmoddi4.o)

.debug_line_str
                0x00000000       0x5d
 .debug_line_str
                0x00000000       0x5d ./Core/Startup/startup_stm32l476rgtx.o
